n/notweapons920.jpg
n/notweapons919.jpg
n/notweapons918.jpg
n/notweapons917.jpg
n/notweapons915.jpg
n/notweapons914.jpg
n/notweapons913.jpg
n/notweapons912.jpg
n/notweapons911.jpg
n/notweapons910.jpg
n/notweapons909.jpg
n/notweapons908.jpg
n/notweapons84.jpg
n/notweapons907.jpg
n/notweapons906.jpg
n/notweapons904.jpg
n/notweapons903.jpg
n/notweapons77.jpg
n/notweapons76.jpg
n/notweapons902.jpg
n/notweapons74.jpg
n/notweapons901.jpg
n/notweapons900.jpg
n/notweapons899.jpg
n/notweapons898.jpg
n/notweapons897.jpg
n/notweapons896.jpg
n/notweapons895.jpg
n/notweapons892.jpg
n/notweapons891.jpg
n/notweapons890.jpg
n/notweapons889.jpg
n/notweapons888.jpg
n/notweapons887.jpg
n/notweapons886.jpg
n/notweapons885.jpg
n/notweapons884.jpg
n/notweapons883.jpg
n/notweapons881.jpg
n/notweapons880.jpg
n/notweapons879.jpg
n/notweapons878.jpg
n/notweapons877.jpg
n/notweapons876.jpg
n/notweapons875.jpg
n/notweapons874.jpg
n/notweapons873.jpg
n/notweapons872.jpg
n/notweapons870.jpg
n/notweapons869.jpg
n/notweapons868.jpg
n/notweapons867.jpg
n/notweapons866.jpg
n/notweapons865.jpg
n/notweapons864.jpg
n/notweapons863.jpg
n/notweapons862.jpg
n/notweapons861.jpg
n/notweapons859.jpg
n/notweapons858.jpg
n/notweapons857.jpg
n/notweapons856.jpg
n/notweapons855.jpg
n/notweapons854.jpg
n/notweapons853.jpg
n/notweapons852.jpg
n/notweapons851.jpg
n/notweapons850.jpg
n/notweapons848.jpg
n/notweapons847.jpg
n/notweapons846.jpg
n/notweapons845.jpg
n/notweapons844.jpg
n/notweapons843.jpg
n/notweapons842.jpg
n/notweapons841.jpg
n/notweapons840.jpg
n/notweapons839.jpg
n/notweapons837.jpg
n/notweapons836.jpg
n/notweapons835.jpg
n/notweapons834.jpg
n/notweapons833.jpg
n/notweapons832.jpg
n/notweapons831.jpg
n/notweapons830.jpg
n/notweapons829.jpg
n/notweapons828.jpg
n/notweapons826.jpg
n/notweapons825.jpg
n/notweapons824.jpg
n/notweapons823.jpg
n/notweapons822.jpg
n/notweapons821.jpg
n/notweapons820.jpg
n/notweapons819.jpg
n/notweapons818.jpg
n/notweapons817.jpg
n/notweapons815.jpg
n/notweapons814.jpg
n/notweapons813.jpg
n/notweapons812.jpg
n/notweapons811.jpg
n/notweapons810.jpg
n/notweapons809.jpg
n/notweapons808.jpg
n/notweapons807.jpg
n/notweapons806.jpg
n/notweapons804.jpg
n/notweapons803.jpg
n/notweapons802.jpg
n/notweapons801.jpg
n/notweapons800.jpg
n/notweapons799.jpg
n/notweapons798.jpg
n/notweapons797.jpg
n/notweapons796.jpg
n/notweapons795.jpg
n/notweapons793.jpg
n/notweapons792.jpg
n/notweapons791.jpg
n/notweapons790.jpg
n/notweapons789.jpg
n/notweapons788.jpg
n/notweapons787.jpg
n/notweapons786.jpg
n/notweapons785.jpg
n/notweapons784.jpg
n/notweapons781.jpg
n/notweapons780.jpg
n/notweapons779.jpg
n/notweapons778.jpg
n/notweapons777.jpg
n/notweapons776.jpg
n/notweapons775.jpg
n/notweapons774.jpg
n/notweapons773.jpg
n/notweapons772.jpg
n/notweapons770.jpg
n/notweapons769.jpg
n/notweapons768.jpg
n/notweapons767.jpg
n/notweapons766.jpg
n/notweapons765.jpg
n/notweapons764.jpg
n/notweapons763.jpg
n/notweapons762.jpg
n/notweapons761.jpg
n/notweapons759.jpg
n/notweapons758.jpg
n/notweapons757.jpg
n/notweapons756.jpg
n/notweapons755.jpg
n/notweapons754.jpg
n/notweapons753.jpg
n/notweapons752.jpg
n/notweapons751.jpg
n/notweapons750.jpg
n/notweapons748.jpg
n/notweapons747.jpg
n/notweapons746.jpg
n/notweapons745.jpg
n/notweapons744.jpg
n/notweapons743.jpg
n/notweapons742.jpg
n/notweapons741.jpg
n/notweapons740.jpg
n/notweapons739.jpg
n/notweapons737.jpg
n/notweapons736.jpg
n/notweapons735.jpg
n/notweapons734.jpg
n/notweapons733.jpg
n/notweapons732.jpg
n/notweapons731.jpg
n/notweapons730.jpg
n/notweapons729.jpg
n/notweapons728.jpg
n/notweapons726.jpg
n/notweapons725.jpg
n/notweapons724.jpg
n/notweapons723.jpg
n/notweapons722.jpg
n/notweapons721.jpg
n/notweapons720.jpg
n/notweapons107.jpg
n/notweapons106.jpg
n/notweapons105.jpg
n/notweapons104.jpg
n/notweapons103.jpg
n/notweapons102.jpg
n/notweapons100.jpg
n/notweapons99.jpg
n/notweapons98.jpg
n/notweapons97.jpg
n/notweapons96.jpg
n/notweapons95.jpg
n/notweapons94.jpg
n/notweapons93.jpg
n/notweapons92.jpg
n/notweapons91.jpg
n/notweapons89.jpg
n/notweapons88.jpg
n/notweapons87.jpg
n/notweapons86.jpg
n/notweapons85.jpg
n/notweapons83.jpg
n/notweapons82.jpg
n/notweapons81.jpg
n/notweapons80.jpg
n/notweapons78.jpg
n/notweapons75.jpg
n/notweapons73.jpg
n/notweapons282.jpg
n/notweapons280.jpg
n/notweapons279.jpg
n/notweapons278.jpg
n/notweapons277.jpg
n/notweapons276.jpg
n/notweapons275.jpg
n/notweapons274.jpg
n/notweapons273.jpg
n/notweapons272.jpg
n/notweapons271.jpg
n/notweapons269.jpg
n/notweapons268.jpg
n/notweapons267.jpg
n/notweapons266.jpg
n/notweapons265.jpg
n/notweapons264.jpg
n/notweapons263.jpg
n/notweapons262.jpg
n/notweapons261.jpg
n/notweapons260.jpg
n/notweapons258.jpg
n/notweapons257.jpg
n/notweapons256.jpg
n/notweapons255.jpg
n/notweapons254.jpg
n/notweapons253.jpg
n/notweapons252.jpg
n/notweapons251.jpg
n/notweapons250.jpg
n/notweapons249.jpg
n/notweapons247.jpg
n/notweapons246.jpg
n/notweapons245.jpg
n/notweapons244.jpg
n/notweapons243.jpg
n/notweapons242.jpg
n/notweapons241.jpg
n/notweapons240.jpg
n/notweapons239.jpg
n/notweapons238.jpg
n/notweapons236.jpg
n/notweapons235.jpg
n/notweapons234.jpg
n/notweapons233.jpg
n/notweapons232.jpg
n/notweapons231.jpg
n/notweapons230.jpg
n/notweapons229.jpg
n/notweapons228.jpg
n/notweapons227.jpg
n/notweapons223.jpg
n/notweapons222.jpg
n/notweapons221.jpg
n/notweapons220.jpg
n/notweapons219.jpg
n/notweapons218.jpg
n/notweapons217.jpg
n/notweapons216.jpg
n/notweapons215.jpg
n/notweapons214.jpg
n/notweapons212.jpg
n/notweapons211.jpg
n/notweapons210.jpg
n/notweapons209.jpg
n/notweapons208.jpg
n/notweapons207.jpg
n/notweapons206.jpg
n/notweapons205.jpg
n/notweapons204.jpg
n/notweapons203.jpg
n/notweapons201.jpg
n/notweapons200.jpg
n/notweapons199.jpg
n/notweapons198.jpg
n/notweapons197.jpg
n/notweapons196.jpg
n/notweapons195.jpg
n/notweapons194.jpg
n/notweapons193.jpg
n/notweapons192.jpg
n/notweapons190.jpg
n/notweapons189.jpg
n/notweapons188.jpg
n/notweapons187.jpg
n/notweapons186.jpg
n/notweapons185.jpg
n/notweapons184.jpg
n/notweapons183.jpg
n/notweapons182.jpg
n/notweapons181.jpg
n/notweapons179.jpg
n/notweapons178.jpg
n/notweapons177.jpg
n/notweapons176.jpg
n/notweapons175.jpg
n/notweapons174.jpg
n/notweapons173.jpg
n/notweapons172.jpg
n/notweapons171.jpg
n/notweapons170.jpg
n/notweapons168.jpg
n/notweapons167.jpg
n/notweapons166.jpg
n/notweapons165.jpg
n/notweapons164.jpg
n/notweapons163.jpg
n/notweapons162.jpg
n/notweapons161.jpg
n/notweapons160.jpg
n/notweapons159.jpg
n/notweapons157.jpg
n/notweapons156.jpg
n/notweapons155.jpg
n/notweapons154.jpg
n/notweapons153.jpg
n/notweapons152.jpg
n/notweapons151.jpg
n/notweapons150.jpg
n/notweapons149.jpg
n/notweapons148.jpg
n/notweapons146.jpg
n/notweapons336.jpg
n/notweapons145.jpg
n/notweapons144.jpg
n/notweapons143.jpg
n/notweapons142.jpg
n/notweapons141.jpg
n/notweapons140.jpg
n/notweapons139.jpg
n/notweapons138.jpg
n/notweapons137.jpg
n/notweapons135.jpg
n/notweapons180.jpg
n/notweapons134.jpg
n/notweapons133.jpg
n/notweapons132.jpg
n/notweapons131.jpg
n/notweapons130.jpg
n/notweapons129.jpg
n/notweapons128.jpg
n/notweapons127.jpg
n/notweapons126.jpg
n/notweapons124.jpg
n/notweapons123.jpg
n/notweapons46.jpg
n/notweapons122.jpg
n/notweapons121.jpg
n/notweapons120.jpg
n/notweapons119.jpg
n/notweapons118.jpg
n/notweapons117.jpg
n/notweapons116.jpg
n/notweapons560.jpg
n/notweapons115.jpg
n/notweapons111.jpg
n/notweapons110.jpg
n/notweapons109.jpg
n/notweapons108.jpg
n/notweapons719.jpg
n/notweapons718.jpg
n/notweapons717.jpg
n/notweapons715.jpg
n/notweapons714.jpg
n/notweapons713.jpg
n/notweapons712.jpg
n/notweapons711.jpg
n/notweapons710.jpg
n/notweapons709.jpg
n/notweapons708.jpg
n/notweapons707.jpg
n/notweapons706.jpg
n/notweapons704.jpg
n/notweapons703.jpg
n/notweapons702.jpg
n/notweapons701.jpg
n/notweapons700.jpg
n/notweapons699.jpg
n/notweapons698.jpg
n/notweapons697.jpg
n/notweapons696.jpg
n/notweapons695.jpg
n/notweapons693.jpg
n/notweapons692.jpg
n/notweapons691.jpg
n/notweapons690.jpg
n/notweapons689.jpg
n/notweapons688.jpg
n/notweapons687.jpg
n/notweapons686.jpg
n/notweapons685.jpg
n/notweapons684.jpg
n/notweapons682.jpg
n/notweapons681.jpg
n/notweapons680.jpg
n/notweapons679.jpg
n/notweapons678.jpg
n/notweapons677.jpg
n/notweapons676.jpg
n/notweapons675.jpg
n/notweapons674.jpg
n/notweapons673.jpg
n/notweapons670.jpg
n/notweapons669.jpg
n/notweapons668.jpg
n/notweapons667.jpg
n/notweapons666.jpg
n/notweapons665.jpg
n/notweapons664.jpg
n/notweapons663.jpg
n/notweapons662.jpg
n/notweapons661.jpg
n/notweapons659.jpg
n/notweapons658.jpg
n/notweapons657.jpg
n/notweapons656.jpg
n/notweapons655.jpg
n/notweapons654.jpg
n/notweapons653.jpg
n/notweapons652.jpg
n/notweapons651.jpg
n/notweapons650.jpg
n/notweapons648.jpg
n/notweapons647.jpg
n/notweapons646.jpg
n/notweapons645.jpg
n/notweapons644.jpg
n/notweapons643.jpg
n/notweapons642.jpg
n/notweapons641.jpg
n/notweapons640.jpg
n/notweapons639.jpg
n/notweapons637.jpg
n/notweapons636.jpg
n/notweapons635.jpg
n/notweapons634.jpg
n/notweapons633.jpg
n/notweapons632.jpg
n/notweapons631.jpg
n/notweapons630.jpg
n/notweapons629.jpg
n/notweapons628.jpg
n/notweapons626.jpg
n/notweapons625.jpg
n/notweapons624.jpg
n/notweapons623.jpg
n/notweapons622.jpg
n/notweapons621.jpg
n/notweapons620.jpg
n/notweapons619.jpg
n/notweapons618.jpg
n/notweapons617.jpg
n/notweapons615.jpg
n/notweapons614.jpg
n/notweapons613.jpg
n/notweapons612.jpg
n/notweapons611.jpg
n/notweapons610.jpg
n/notweapons609.jpg
n/notweapons608.jpg
n/notweapons607.jpg
n/notweapons606.jpg
n/notweapons604.jpg
n/notweapons603.jpg
n/notweapons602.jpg
n/notweapons601.jpg
n/notweapons600.jpg
n/notweapons599.jpg
n/notweapons598.jpg
n/notweapons597.jpg
n/notweapons596.jpg
n/notweapons595.jpg
n/notweapons593.jpg
n/notweapons592.jpg
n/notweapons591.jpg
n/notweapons590.jpg
n/notweapons589.jpg
n/notweapons588.jpg
n/notweapons587.jpg
n/notweapons586.jpg
n/notweapons585.jpg
n/notweapons584.jpg
n/notweapons582.jpg
n/notweapons581.jpg
n/notweapons580.jpg
n/notweapons579.jpg
n/notweapons578.jpg
n/notweapons577.jpg
n/notweapons576.jpg
n/notweapons575.jpg
n/notweapons574.jpg
n/notweapons573.jpg
n/notweapons571.jpg
n/notweapons570.jpg
n/notweapons569.jpg
n/notweapons568.jpg
n/notweapons567.jpg
n/notweapons566.jpg
n/notweapons565.jpg
n/notweapons564.jpg
n/notweapons563.jpg
n/notweapons562.jpg
n/notweapons559.jpg
n/notweapons558.jpg
n/notweapons557.jpg
n/notweapons556.jpg
n/notweapons555.jpg
n/notweapons554.jpg
n/notweapons553.jpg
n/notweapons552.jpg
n/notweapons551.jpg
n/notweapons550.jpg
n/notweapons548.jpg
n/notweapons547.jpg
n/notweapons546.jpg
n/notweapons545.jpg
n/notweapons544.jpg
n/notweapons543.jpg
n/notweapons542.jpg
n/notweapons541.jpg
n/notweapons540.jpg
n/notweapons539.jpg
n/notweapons537.jpg
n/notweapons536.jpg
n/notweapons535.jpg
n/notweapons534.jpg
n/notweapons533.jpg
n/notweapons532.jpg
n/notweapons531.jpg
n/notweapons530.jpg
n/notweapons529.jpg
n/notweapons528.jpg
n/notweapons526.jpg
n/notweapons525.jpg
n/notweapons524.jpg
n/notweapons523.jpg
n/notweapons522.jpg
n/notweapons521.jpg
n/notweapons520.jpg
n/notweapons519.jpg
n/notweapons518.jpg
n/notweapons517.jpg
n/notweapons515.jpg
n/notweapons514.jpg
n/notweapons513.jpg
n/notweapons512.jpg
n/notweapons511.jpg
n/notweapons510.jpg
n/notweapons448.jpg
n/notweapons509.jpg
n/notweapons508.jpg
n/notweapons507.jpg
n/notweapons506.jpg
n/notweapons504.jpg
n/notweapons72.jpg
n/notweapons71.jpg
n/notweapons70.jpg
n/notweapons69.jpg
n/notweapons67.jpg
n/notweapons66.jpg
n/notweapons65.jpg
n/notweapons64.jpg
n/notweapons63.jpg
n/notweapons62.jpg
n/notweapons61.jpg
n/notweapons60.jpg
n/notweapons59.jpg
n/notweapons58.jpg
n/notweapons56.jpg
n/notweapons55.jpg
n/notweapons54.jpg
n/notweapons53.jpg
n/notweapons52.jpg
n/notweapons51.jpg
n/notweapons50.jpg
n/notweapons49.jpg
n/notweapons48.jpg
n/notweapons47.jpg
n/notweapons45.jpg
n/notweapons44.jpg
n/notweapons43.jpg
n/notweapons42.jpg
n/notweapons41.jpg
n/notweapons40.jpg
n/notweapons39.jpg
n/notweapons38.jpg
n/notweapons37.jpg
n/notweapons36.jpg
n/notweapons34.jpg
n/notweapons33.jpg
n/notweapons32.jpg
n/notweapons31.jpg
n/notweapons30.jpg
n/notweapons29.jpg
n/notweapons28.jpg
n/notweapons27.jpg
n/notweapons26.jpg
n/notweapons25.jpg
n/notweapons23.jpg
n/notweapons22.jpg
n/notweapons21.jpg
n/notweapons20.jpg
n/notweapons19.jpg
n/notweapons18.jpg
n/notweapons17.jpg
n/notweapons16.jpg
n/notweapons15.jpg
n/notweapons14.jpg
n/notweapons12.jpg
n/notweapons11.jpg
n/notweapons10.jpg
n/notweapons9.jpg
n/notweapons8.jpg
n/notweapons7.jpg
n/notweapons6.jpg
n/notweapons5.jpg
n/notweapons4.jpg
n/notweapons3.jpg
n/notweapons927.jpg
n/notweapons926.jpg
n/notweapons925.jpg
n/notweapons924.jpg
n/notweapons923.jpg
n/notweapons922.jpg
n/notweapons921.jpg
n/notweapons916.jpg
n/notweapons905.jpg
n/notweapons894.jpg
n/notweapons882.jpg
n/notweapons871.jpg
n/notweapons860.jpg
n/notweapons849.jpg
n/notweapons838.jpg
n/notweapons827.jpg
n/notweapons816.jpg
n/notweapons805.jpg
n/notweapons794.jpg
n/notweapons783.jpg
n/notweapons771.jpg
n/notweapons760.jpg
n/notweapons749.jpg
n/notweapons738.jpg
n/notweapons727.jpg
n/notweapons716.jpg
n/notweapons705.jpg
n/notweapons694.jpg
n/notweapons683.jpg
n/notweapons672.jpg
n/notweapons660.jpg
n/notweapons649.jpg
n/notweapons638.jpg
n/notweapons627.jpg
n/notweapons616.jpg
n/notweapons605.jpg
n/notweapons594.jpg
n/notweapons583.jpg
n/notweapons572.jpg
n/notweapons561.jpg
n/notweapons549.jpg
n/notweapons538.jpg
n/notweapons527.jpg
n/notweapons516.jpg
n/notweapons505.jpg
n/notweapons494.jpg
n/notweapons483.jpg
n/notweapons472.jpg
n/notweapons461.jpg
n/notweapons450.jpg
n/notweapons437.jpg
n/notweapons426.jpg
n/notweapons415.jpg
n/notweapons404.jpg
n/notweapons393.jpg
n/notweapons382.jpg
n/notweapons371.jpg
n/notweapons360.jpg
n/notweapons349.jpg
n/notweapons338.jpg
n/notweapons325.jpg
n/notweapons314.jpg
n/notweapons303.jpg
n/notweapons292.jpg
n/notweapons281.jpg
n/notweapons270.jpg
n/notweapons259.jpg
n/notweapons248.jpg
n/notweapons237.jpg
n/notweapons226.jpg
n/notweapons213.jpg
n/notweapons202.jpg
n/notweapons191.jpg
n/notweapons224.jpg
n/notweapons169.jpg
n/notweapons158.jpg
n/notweapons147.jpg
n/notweapons136.jpg
n/notweapons125.jpg
n/notweapons114.jpg
n/notweapons101.jpg
n/notweapons90.jpg
n/notweapons79.jpg
n/notweapons68.jpg
n/notweapons57.jpg
n/notweapons112.jpg
n/notweapons35.jpg
n/notweapons24.jpg
n/notweapons13.jpg
n/notweapons2.jpg
n/notweapons893.jpg
n/notweapons782.jpg
n/notweapons671.jpg
n/notweapons0.jpg
n/notweapons449.jpg
n/notweapons337.jpg
n/notweapons225.jpg
n/notweapons113.jpg
n/notweapons1.jpg
n/notweapons503.jpg
n/notweapons502.jpg
n/notweapons501.jpg
n/notweapons500.jpg
n/notweapons499.jpg
n/notweapons498.jpg
n/notweapons497.jpg
n/notweapons496.jpg
n/notweapons495.jpg
n/notweapons493.jpg
n/notweapons492.jpg
n/notweapons491.jpg
n/notweapons490.jpg
n/notweapons489.jpg
n/notweapons488.jpg
n/notweapons487.jpg
n/notweapons486.jpg
n/notweapons485.jpg
n/notweapons484.jpg
n/notweapons482.jpg
n/notweapons481.jpg
n/notweapons480.jpg
n/notweapons479.jpg
n/notweapons478.jpg
n/notweapons477.jpg
n/notweapons476.jpg
n/notweapons475.jpg
n/notweapons474.jpg
n/notweapons473.jpg
n/notweapons471.jpg
n/notweapons470.jpg
n/notweapons469.jpg
n/notweapons468.jpg
n/notweapons467.jpg
n/notweapons466.jpg
n/notweapons465.jpg
n/notweapons464.jpg
n/notweapons463.jpg
n/notweapons462.jpg
n/notweapons460.jpg
n/notweapons459.jpg
n/notweapons458.jpg
n/notweapons457.jpg
n/notweapons456.jpg
n/notweapons455.jpg
n/notweapons454.jpg
n/notweapons453.jpg
n/notweapons452.jpg
n/notweapons451.jpg
n/notweapons447.jpg
n/notweapons446.jpg
n/notweapons445.jpg
n/notweapons444.jpg
n/notweapons443.jpg
n/notweapons442.jpg
n/notweapons441.jpg
n/notweapons440.jpg
n/notweapons439.jpg
n/notweapons438.jpg
n/notweapons436.jpg
n/notweapons435.jpg
n/notweapons434.jpg
n/notweapons433.jpg
n/notweapons432.jpg
n/notweapons431.jpg
n/notweapons430.jpg
n/notweapons429.jpg
n/notweapons428.jpg
n/notweapons427.jpg
n/notweapons425.jpg
n/notweapons424.jpg
n/notweapons423.jpg
n/notweapons422.jpg
n/notweapons421.jpg
n/notweapons420.jpg
n/notweapons419.jpg
n/notweapons418.jpg
n/notweapons417.jpg
n/notweapons416.jpg
n/notweapons414.jpg
n/notweapons413.jpg
n/notweapons412.jpg
n/notweapons411.jpg
n/notweapons410.jpg
n/notweapons409.jpg
n/notweapons408.jpg
n/notweapons407.jpg
n/notweapons406.jpg
n/notweapons405.jpg
n/notweapons403.jpg
n/notweapons402.jpg
n/notweapons401.jpg
n/notweapons400.jpg
n/notweapons399.jpg
n/notweapons398.jpg
n/notweapons397.jpg
n/notweapons396.jpg
n/notweapons395.jpg
n/notweapons394.jpg
n/notweapons392.jpg
n/notweapons391.jpg
n/notweapons390.jpg
n/notweapons389.jpg
n/notweapons388.jpg
n/notweapons387.jpg
n/notweapons386.jpg
n/notweapons385.jpg
n/notweapons384.jpg
n/notweapons383.jpg
n/notweapons381.jpg
n/notweapons380.jpg
n/notweapons379.jpg
n/notweapons378.jpg
n/notweapons377.jpg
n/notweapons376.jpg
n/notweapons375.jpg
n/notweapons374.jpg
n/notweapons373.jpg
n/notweapons372.jpg
n/notweapons370.jpg
n/notweapons369.jpg
n/notweapons368.jpg
n/notweapons367.jpg
n/notweapons366.jpg
n/notweapons365.jpg
n/notweapons364.jpg
n/notweapons363.jpg
n/notweapons362.jpg
n/notweapons361.jpg
n/notweapons359.jpg
n/notweapons358.jpg
n/notweapons357.jpg
n/notweapons356.jpg
n/notweapons355.jpg
n/notweapons354.jpg
n/notweapons353.jpg
n/notweapons352.jpg
n/notweapons351.jpg
n/notweapons350.jpg
n/notweapons348.jpg
n/notweapons347.jpg
n/notweapons346.jpg
n/notweapons345.jpg
n/notweapons344.jpg
n/notweapons343.jpg
n/notweapons342.jpg
n/notweapons341.jpg
n/notweapons340.jpg
n/notweapons339.jpg
n/notweapons335.jpg
n/notweapons334.jpg
n/notweapons333.jpg
n/notweapons332.jpg
n/notweapons331.jpg
n/notweapons330.jpg
n/notweapons329.jpg
n/notweapons328.jpg
n/notweapons327.jpg
n/notweapons326.jpg
n/notweapons324.jpg
n/notweapons323.jpg
n/notweapons322.jpg
n/notweapons321.jpg
n/notweapons320.jpg
n/notweapons319.jpg
n/notweapons318.jpg
n/notweapons317.jpg
n/notweapons316.jpg
n/notweapons315.jpg
n/notweapons313.jpg
n/notweapons312.jpg
n/notweapons311.jpg
n/notweapons310.jpg
n/notweapons309.jpg
n/notweapons308.jpg
n/notweapons307.jpg
n/notweapons306.jpg
n/notweapons305.jpg
n/notweapons304.jpg
n/notweapons302.jpg
n/notweapons301.jpg
n/notweapons300.jpg
n/notweapons299.jpg
n/notweapons298.jpg
n/notweapons297.jpg
n/notweapons296.jpg
n/notweapons295.jpg
n/notweapons294.jpg
n/notweapons293.jpg
n/notweapons291.jpg
n/notweapons290.jpg
n/notweapons289.jpg
n/notweapons288.jpg
n/notweapons287.jpg
n/notweapons286.jpg
n/notweapons285.jpg
n/notweapons284.jpg
n/notweapons283.jpg
n/notweapons964.jpg
n/notweapons963.jpg
n/notweapons961.jpg
n/notweapons960.jpg
n/notweapons959.jpg
n/notweapons958.jpg
n/notweapons957.jpg
n/notweapons956.jpg
n/notweapons955.jpg
n/notweapons954.jpg
n/notweapons953.jpg
n/notweapons952.jpg
n/notweapons950.jpg
n/notweapons949.jpg
n/notweapons948.jpg
n/notweapons947.jpg
n/notweapons946.jpg
n/notweapons945.jpg
n/notweapons944.jpg
n/notweapons943.jpg
n/notweapons942.jpg
n/notweapons941.jpg
n/notweapons939.jpg
n/notweapons938.jpg
n/notweapons937.jpg
n/notweapons936.jpg
n/notweapons935.jpg
n/notweapons934.jpg
n/notweapons933.jpg
n/notweapons932.jpg
n/notweapons931.jpg
n/notweapons930.jpg
n/notweapons1058.jpg
n/notweapons1057.jpg
n/notweapons1056.jpg
n/notweapons1055.jpg
n/notweapons1054.jpg
n/notweapons1053.jpg
n/notweapons1052.jpg
n/notweapons1051.jpg
n/notweapons1050.jpg
n/notweapons1049.jpg
n/notweapons1047.jpg
n/notweapons1046.jpg
n/notweapons1045.jpg
n/notweapons1044.jpg
n/notweapons1043.jpg
n/notweapons1042.jpg
n/notweapons1041.jpg
n/notweapons1040.jpg
n/notweapons1039.jpg
n/notweapons1038.jpg
n/notweapons1036.jpg
n/notweapons1035.jpg
n/notweapons1034.jpg
n/notweapons1033.jpg
n/notweapons1032.jpg
n/notweapons1031.jpg
n/notweapons1030.jpg
n/notweapons1029.jpg
n/notweapons1028.jpg
n/notweapons1027.jpg
n/notweapons1025.jpg
n/notweapons1024.jpg
n/notweapons1023.jpg
n/notweapons1022.jpg
n/notweapons1021.jpg
n/notweapons1020.jpg
n/notweapons1019.jpg
n/notweapons1018.jpg
n/notweapons1017.jpg
n/notweapons1016.jpg
n/notweapons1014.jpg
n/notweapons1013.jpg
n/notweapons1012.jpg
n/notweapons1011.jpg
n/notweapons1010.jpg
n/notweapons1009.jpg
n/notweapons1008.jpg
n/notweapons1007.jpg
n/notweapons1006.jpg
n/notweapons1005.jpg
n/notweapons1003.jpg
n/notweapons1002.jpg
n/notweapons1001.jpg
n/notweapons1000.jpg
n/notweapons999.jpg
n/notweapons998.jpg
n/notweapons997.jpg
n/notweapons996.jpg
n/notweapons995.jpg
n/notweapons994.jpg
n/notweapons992.jpg
n/notweapons991.jpg
n/notweapons990.jpg
n/notweapons989.jpg
n/notweapons988.jpg
n/notweapons987.jpg
n/notweapons986.jpg
n/notweapons985.jpg
n/notweapons984.jpg
n/notweapons983.jpg
n/notweapons981.jpg
n/notweapons980.jpg
n/notweapons979.jpg
n/notweapons978.jpg
n/notweapons977.jpg
n/notweapons976.jpg
n/notweapons975.jpg
n/notweapons974.jpg
n/notweapons973.jpg
n/notweapons972.jpg
n/notweapons970.jpg
n/notweapons969.jpg
n/notweapons968.jpg
n/notweapons967.jpg
n/notweapons966.jpg
n/notweapons965.jpg
n/notweapons962.jpg
n/notweapons951.jpg
n/notweapons940.jpg
n/notweapons929.jpg
n/notweapons1048.jpg
n/notweapons1037.jpg
n/notweapons1026.jpg
n/notweapons1015.jpg
n/notweapons1004.jpg
n/notweapons993.jpg
n/notweapons982.jpg
n/notweapons971.jpg
n/notweapons928.jpg
n/notweapons1117.jpg
n/notweapons1116.jpg
n/notweapons1114.jpg
n/notweapons1113.jpg
n/notweapons1112.jpg
n/notweapons1111.jpg
n/notweapons1110.jpg
n/notweapons1109.jpg
n/notweapons1108.jpg
n/notweapons1107.jpg
n/notweapons1106.jpg
n/notweapons1105.jpg
n/notweapons1103.jpg
n/notweapons1102.jpg
n/notweapons1101.jpg
n/notweapons1100.jpg
n/notweapons1099.jpg
n/notweapons1098.jpg
n/notweapons1097.jpg
n/notweapons1096.jpg
n/notweapons1095.jpg
n/notweapons1094.jpg
n/notweapons1092.jpg
n/notweapons1091.jpg
n/notweapons1090.jpg
n/notweapons1089.jpg
n/notweapons1088.jpg
n/notweapons1087.jpg
n/notweapons1086.jpg
n/notweapons1085.jpg
n/notweapons1084.jpg
n/notweapons1083.jpg
n/notweapons1081.jpg
n/notweapons1080.jpg
n/notweapons1079.jpg
n/notweapons1078.jpg
n/notweapons1077.jpg
n/notweapons1076.jpg
n/notweapons1075.jpg
n/notweapons1074.jpg
n/notweapons1073.jpg
n/notweapons1072.jpg
n/notweapons1070.jpg
n/notweapons1069.jpg
n/notweapons1068.jpg
n/notweapons1067.jpg
n/notweapons1066.jpg
n/notweapons1065.jpg
n/notweapons1064.jpg
n/notweapons1063.jpg
n/notweapons1062.jpg
n/notweapons1061.jpg
n/notweapons1209.jpg
n/notweapons1208.jpg
n/notweapons1207.jpg
n/notweapons1206.jpg
n/notweapons1205.jpg
n/notweapons1204.jpg
n/notweapons1203.jpg
n/notweapons1202.jpg
n/notweapons1201.jpg
n/notweapons1200.jpg
n/notweapons1198.jpg
n/notweapons1197.jpg
n/notweapons1196.jpg
n/notweapons1195.jpg
n/notweapons1194.jpg
n/notweapons1193.jpg
n/notweapons1192.jpg
n/notweapons1191.jpg
n/notweapons1190.jpg
n/notweapons1189.jpg
n/notweapons1187.jpg
n/notweapons1186.jpg
n/notweapons1185.jpg
n/notweapons1184.jpg
n/notweapons1183.jpg
n/notweapons1182.jpg
n/notweapons1181.jpg
n/notweapons1180.jpg
n/notweapons1179.jpg
n/notweapons1178.jpg
n/notweapons1176.jpg
n/notweapons1175.jpg
n/notweapons1174.jpg
n/notweapons1173.jpg
n/notweapons1172.jpg
n/notweapons1171.jpg
n/notweapons1170.jpg
n/notweapons1169.jpg
n/notweapons1168.jpg
n/notweapons1167.jpg
n/notweapons1165.jpg
n/notweapons1164.jpg
n/notweapons1163.jpg
n/notweapons1162.jpg
n/notweapons1161.jpg
n/notweapons1160.jpg
n/notweapons1159.jpg
n/notweapons1158.jpg
n/notweapons1157.jpg
n/notweapons1156.jpg
n/notweapons1154.jpg
n/notweapons1153.jpg
n/notweapons1152.jpg
n/notweapons1151.jpg
n/notweapons1150.jpg
n/notweapons1149.jpg
n/notweapons1148.jpg
n/notweapons1147.jpg
n/notweapons1146.jpg
n/notweapons1145.jpg
n/notweapons1143.jpg
n/notweapons1142.jpg
n/notweapons1141.jpg
n/notweapons1140.jpg
n/notweapons1139.jpg
n/notweapons1138.jpg
n/notweapons1137.jpg
n/notweapons1136.jpg
n/notweapons1135.jpg
n/notweapons1134.jpg
n/notweapons1132.jpg
n/notweapons1131.jpg
n/notweapons1130.jpg
n/notweapons1129.jpg
n/notweapons1128.jpg
n/notweapons1127.jpg
n/notweapons1126.jpg
n/notweapons1125.jpg
n/notweapons1124.jpg
n/notweapons1123.jpg
n/notweapons1121.jpg
n/notweapons1120.jpg
n/notweapons1119.jpg
n/notweapons1118.jpg
n/notweapons1115.jpg
n/notweapons1104.jpg
n/notweapons1093.jpg
n/notweapons1082.jpg
n/notweapons1071.jpg
n/notweapons1060.jpg
n/notweapons1199.jpg
n/notweapons1188.jpg
n/notweapons1177.jpg
n/notweapons1166.jpg
n/notweapons1155.jpg
n/notweapons1144.jpg
n/notweapons1133.jpg
n/notweapons1122.jpg
n/notweapons1059.jpg