n/weapon480.jpg
n/weapon245.jpg
n/weapon244.jpg
n/weapon243.jpg
n/weapon242.jpg
n/weapon241.jpg
n/weapon240.jpg
n/weapon239.jpg
n/weapon238.jpg
n/weapon237.jpg
n/weapon235.jpg
n/weapon234.jpg
n/weapon233.jpg
n/weapon830.jpg
n/weapon232.jpg
n/weapon231.jpg
n/weapon230.jpg
n/weapon229.jpg
n/weapon824.jpg
n/weapon823.jpg
n/weapon228.jpg
n/weapon821.jpg
n/weapon227.jpg
n/weapon226.jpg
n/weapon223.jpg
n/weapon222.jpg
n/weapon221.jpg
n/weapon220.jpg
n/weapon219.jpg
n/weapon218.jpg
n/weapon217.jpg
n/weapon216.jpg
n/weapon215.jpg
n/weapon214.jpg
n/weapon212.jpg
n/weapon211.jpg
n/weapon210.jpg
n/weapon209.jpg
n/weapon208.jpg
n/weapon207.jpg
n/weapon206.jpg
n/weapon205.jpg
n/weapon204.jpg
n/weapon203.jpg
n/weapon201.jpg
n/weapon200.jpg
n/weapon199.jpg
n/weapon198.jpg
n/weapon197.jpg
n/weapon196.jpg
n/weapon195.jpg
n/weapon194.jpg
n/weapon193.jpg
n/weapon192.jpg
n/weapon190.jpg
n/weapon189.jpg
n/weapon188.jpg
n/weapon187.jpg
n/weapon186.jpg
n/weapon185.jpg
n/weapon184.jpg
n/weapon183.jpg
n/weapon182.jpg
n/weapon181.jpg
n/weapon179.jpg
n/weapon178.jpg
n/weapon177.jpg
n/weapon176.jpg
n/weapon175.jpg
n/weapon174.jpg
n/weapon173.jpg
n/weapon172.jpg
n/weapon171.jpg
n/weapon170.jpg
n/weapon168.jpg
n/weapon167.jpg
n/weapon166.jpg
n/weapon165.jpg
n/weapon164.jpg
n/weapon163.jpg
n/weapon162.jpg
n/weapon161.jpg
n/weapon160.jpg
n/weapon159.jpg
n/weapon157.jpg
n/weapon156.jpg
n/weapon155.jpg
n/weapon154.jpg
n/weapon153.jpg
n/weapon152.jpg
n/weapon151.jpg
n/weapon150.jpg
n/weapon149.jpg
n/weapon148.jpg
n/weapon146.jpg
n/weapon145.jpg
n/weapon144.jpg
n/weapon143.jpg
n/weapon142.jpg
n/weapon141.jpg
n/weapon140.jpg
n/weapon139.jpg
n/weapon138.jpg
n/weapon137.jpg
n/weapon135.jpg
n/weapon134.jpg
n/weapon133.jpg
n/weapon132.jpg
n/weapon131.jpg
n/weapon130.jpg
n/weapon129.jpg
n/weapon128.jpg
n/weapon127.jpg
n/weapon126.jpg
n/weapon124.jpg
n/weapon123.jpg
n/weapon122.jpg
n/weapon121.jpg
n/weapon120.jpg
n/weapon119.jpg
n/weapon118.jpg
n/weapon117.jpg
n/weapon116.jpg
n/weapon115.jpg
n/weapon112.jpg
n/weapon111.jpg
n/weapon110.jpg
n/weapon109.jpg
n/weapon108.jpg
n/weapon107.jpg
n/weapon106.jpg
n/weapon105.jpg
n/weapon104.jpg
n/weapon103.jpg
n/weapon101.jpg
n/weapon100.jpg
n/weapon99.jpg
n/weapon98.jpg
n/weapon97.jpg
n/weapon96.jpg
n/weapon95.jpg
n/weapon94.jpg
n/weapon93.jpg
n/weapon92.jpg
n/weapon90.jpg
n/weapon89.jpg
n/weapon88.jpg
n/weapon87.jpg
n/weapon86.jpg
n/weapon85.jpg
n/weapon84.jpg
n/weapon83.jpg
n/weapon82.jpg
n/weapon81.jpg
n/weapon79.jpg
n/weapon78.jpg
n/weapon77.jpg
n/weapon76.jpg
n/weapon75.jpg
n/weapon74.jpg
n/weapon73.jpg
n/weapon72.jpg
n/weapon71.jpg
n/weapon70.jpg
n/weapon68.jpg
n/weapon67.jpg
n/weapon66.jpg
n/weapon65.jpg
n/weapon64.jpg
n/weapon63.jpg
n/weapon62.jpg
n/weapon61.jpg
n/weapon60.jpg
n/weapon59.jpg
n/weapon57.jpg
n/weapon56.jpg
n/weapon55.jpg
n/weapon54.jpg
n/weapon53.jpg
n/weapon52.jpg
n/weapon51.jpg
n/weapon50.jpg
n/weapon49.jpg
n/weapon48.jpg
n/weapon46.jpg
n/weapon45.jpg
n/weapon854.jpg
n/weapon852.jpg
n/weapon851.jpg
n/weapon850.jpg
n/weapon849.jpg
n/weapon848.jpg
n/weapon847.jpg
n/weapon846.jpg
n/weapon845.jpg
n/weapon844.jpg
n/weapon843.jpg
n/weapon841.jpg
n/weapon840.jpg
n/weapon839.jpg
n/weapon838.jpg
n/weapon837.jpg
n/weapon836.jpg
n/weapon835.jpg
n/weapon834.jpg
n/weapon833.jpg
n/weapon832.jpg
n/weapon829.jpg
n/weapon828.jpg
n/weapon827.jpg
n/weapon826.jpg
n/weapon825.jpg
n/weapon822.jpg
n/weapon819.jpg
n/weapon1027.jpg
n/weapon1026.jpg
n/weapon1025.jpg
n/weapon1024.jpg
n/weapon1023.jpg
n/weapon1022.jpg
n/weapon1020.jpg
n/weapon1019.jpg
n/weapon1018.jpg
n/weapon1017.jpg
n/weapon1016.jpg
n/weapon1015.jpg
n/weapon1014.jpg
n/weapon1013.jpg
n/weapon1012.jpg
n/weapon1011.jpg
n/weapon1009.jpg
n/weapon1008.jpg
n/weapon1007.jpg
n/weapon1006.jpg
n/weapon1005.jpg
n/weapon1004.jpg
n/weapon1003.jpg
n/weapon1002.jpg
n/weapon1001.jpg
n/weapon1000.jpg
n/weapon998.jpg
n/weapon997.jpg
n/weapon996.jpg
n/weapon995.jpg
n/weapon994.jpg
n/weapon993.jpg
n/weapon992.jpg
n/weapon991.jpg
n/weapon990.jpg
n/weapon989.jpg
n/weapon987.jpg
n/weapon986.jpg
n/weapon985.jpg
n/weapon984.jpg
n/weapon983.jpg
n/weapon982.jpg
n/weapon981.jpg
n/weapon980.jpg
n/weapon979.jpg
n/weapon978.jpg
n/weapon975.jpg
n/weapon974.jpg
n/weapon973.jpg
n/weapon972.jpg
n/weapon971.jpg
n/weapon970.jpg
n/weapon969.jpg
n/weapon968.jpg
n/weapon967.jpg
n/weapon966.jpg
n/weapon964.jpg
n/weapon963.jpg
n/weapon962.jpg
n/weapon961.jpg
n/weapon960.jpg
n/weapon959.jpg
n/weapon958.jpg
n/weapon957.jpg
n/weapon956.jpg
n/weapon955.jpg
n/weapon953.jpg
n/weapon952.jpg
n/weapon951.jpg
n/weapon950.jpg
n/weapon949.jpg
n/weapon948.jpg
n/weapon947.jpg
n/weapon946.jpg
n/weapon945.jpg
n/weapon944.jpg
n/weapon942.jpg
n/weapon941.jpg
n/weapon940.jpg
n/weapon939.jpg
n/weapon938.jpg
n/weapon937.jpg
n/weapon936.jpg
n/weapon935.jpg
n/weapon934.jpg
n/weapon933.jpg
n/weapon931.jpg
n/weapon930.jpg
n/weapon929.jpg
n/weapon928.jpg
n/weapon927.jpg
n/weapon926.jpg
n/weapon925.jpg
n/weapon924.jpg
n/weapon923.jpg
n/weapon922.jpg
n/weapon920.jpg
n/weapon919.jpg
n/weapon918.jpg
n/weapon917.jpg
n/weapon916.jpg
n/weapon915.jpg
n/weapon914.jpg
n/weapon913.jpg
n/weapon912.jpg
n/weapon911.jpg
n/weapon909.jpg
n/weapon908.jpg
n/weapon907.jpg
n/weapon906.jpg
n/weapon905.jpg
n/weapon904.jpg
n/weapon903.jpg
n/weapon902.jpg
n/weapon901.jpg
n/weapon900.jpg
n/weapon898.jpg
n/weapon897.jpg
n/weapon896.jpg
n/weapon895.jpg
n/weapon894.jpg
n/weapon893.jpg
n/weapon640.jpg
n/weapon892.jpg
n/weapon891.jpg
n/weapon890.jpg
n/weapon889.jpg
n/weapon887.jpg
n/weapon886.jpg
n/weapon885.jpg
n/weapon884.jpg
n/weapon883.jpg
n/weapon882.jpg
n/weapon682.jpg
n/weapon881.jpg
n/weapon880.jpg
n/weapon879.jpg
n/weapon878.jpg
n/weapon876.jpg
n/weapon875.jpg
n/weapon874.jpg
n/weapon873.jpg
n/weapon872.jpg
n/weapon871.jpg
n/weapon870.jpg
n/weapon669.jpg
n/weapon869.jpg
n/weapon868.jpg
n/weapon867.jpg
n/weapon863.jpg
n/weapon862.jpg
n/weapon861.jpg
n/weapon860.jpg
n/weapon662.jpg
n/weapon859.jpg
n/weapon858.jpg
n/weapon857.jpg
n/weapon856.jpg
n/weapon855.jpg
n/weapon44.jpg
n/weapon43.jpg
n/weapon42.jpg
n/weapon41.jpg
n/weapon40.jpg
n/weapon39.jpg
n/weapon38.jpg
n/weapon37.jpg
n/weapon35.jpg
n/weapon34.jpg
n/weapon33.jpg
n/weapon32.jpg
n/weapon31.jpg
n/weapon30.jpg
n/weapon29.jpg
n/weapon28.jpg
n/weapon27.jpg
n/weapon26.jpg
n/weapon24.jpg
n/weapon23.jpg
n/weapon22.jpg
n/weapon21.jpg
n/weapon20.jpg
n/weapon19.jpg
n/weapon18.jpg
n/weapon17.jpg
n/weapon16.jpg
n/weapon15.jpg
n/weapon13.jpg
n/weapon12.jpg
n/weapon11.jpg
n/weapon10.jpg
n/weapon9.jpg
n/weapon8.jpg
n/weapon7.jpg
n/weapon6.jpg
n/weapon5.jpg
n/weapon4.jpg
n/weapon1419.jpg
n/weapon1418.jpg
n/weapon1417.jpg
n/weapon1416.jpg
n/weapon1415.jpg
n/weapon1414.jpg
n/weapon1413.jpg
n/weapon1412.jpg
n/weapon1411.jpg
n/weapon1410.jpg
n/weapon1408.jpg
n/weapon1407.jpg
n/weapon1406.jpg
n/weapon1405.jpg
n/weapon1404.jpg
n/weapon1403.jpg
n/weapon1402.jpg
n/weapon1401.jpg
n/weapon1400.jpg
n/weapon1399.jpg
n/weapon1397.jpg
n/weapon1396.jpg
n/weapon1395.jpg
n/weapon1394.jpg
n/weapon1393.jpg
n/weapon1392.jpg
n/weapon1391.jpg
n/weapon1390.jpg
n/weapon1389.jpg
n/weapon1388.jpg
n/weapon1386.jpg
n/weapon1385.jpg
n/weapon1384.jpg
n/weapon1383.jpg
n/weapon1382.jpg
n/weapon1381.jpg
n/weapon1380.jpg
n/weapon1379.jpg
n/weapon1378.jpg
n/weapon1377.jpg
n/weapon1375.jpg
n/weapon1374.jpg
n/weapon1373.jpg
n/weapon1372.jpg
n/weapon1371.jpg
n/weapon1370.jpg
n/weapon1369.jpg
n/weapon1368.jpg
n/weapon1367.jpg
n/weapon1366.jpg
n/weapon1364.jpg
n/weapon1363.jpg
n/weapon1362.jpg
n/weapon1361.jpg
n/weapon1360.jpg
n/weapon1359.jpg
n/weapon1358.jpg
n/weapon1357.jpg
n/weapon1356.jpg
n/weapon1355.jpg
n/weapon1353.jpg
n/weapon1352.jpg
n/weapon1351.jpg
n/weapon1350.jpg
n/weapon1349.jpg
n/weapon1348.jpg
n/weapon1347.jpg
n/weapon1346.jpg
n/weapon1345.jpg
n/weapon1344.jpg
n/weapon1342.jpg
n/weapon1341.jpg
n/weapon1340.jpg
n/weapon1339.jpg
n/weapon1338.jpg
n/weapon1337.jpg
n/weapon1336.jpg
n/weapon1335.jpg
n/weapon1334.jpg
n/weapon1333.jpg
n/weapon1331.jpg
n/weapon1330.jpg
n/weapon1329.jpg
n/weapon1328.jpg
n/weapon1327.jpg
n/weapon1326.jpg
n/weapon1325.jpg
n/weapon1324.jpg
n/weapon1323.jpg
n/weapon1322.jpg
n/weapon1320.jpg
n/weapon1319.jpg
n/weapon1318.jpg
n/weapon1317.jpg
n/weapon1316.jpg
n/weapon1315.jpg
n/weapon1314.jpg
n/weapon1313.jpg
n/weapon1312.jpg
n/weapon1311.jpg
n/weapon1308.jpg
n/weapon1307.jpg
n/weapon1306.jpg
n/weapon1305.jpg
n/weapon1304.jpg
n/weapon1303.jpg
n/weapon1302.jpg
n/weapon1301.jpg
n/weapon1300.jpg
n/weapon1299.jpg
n/weapon1297.jpg
n/weapon1296.jpg
n/weapon1295.jpg
n/weapon1294.jpg
n/weapon1293.jpg
n/weapon1292.jpg
n/weapon1291.jpg
n/weapon1290.jpg
n/weapon1289.jpg
n/weapon1288.jpg
n/weapon1286.jpg
n/weapon1285.jpg
n/weapon1284.jpg
n/weapon1283.jpg
n/weapon1282.jpg
n/weapon1281.jpg
n/weapon1280.jpg
n/weapon1279.jpg
n/weapon1278.jpg
n/weapon1277.jpg
n/weapon1275.jpg
n/weapon1274.jpg
n/weapon1273.jpg
n/weapon1272.jpg
n/weapon1271.jpg
n/weapon1270.jpg
n/weapon1269.jpg
n/weapon1268.jpg
n/weapon1267.jpg
n/weapon1266.jpg
n/weapon1264.jpg
n/weapon1263.jpg
n/weapon1262.jpg
n/weapon1261.jpg
n/weapon1260.jpg
n/weapon1259.jpg
n/weapon1258.jpg
n/weapon1257.jpg
n/weapon1256.jpg
n/weapon1255.jpg
n/weapon1253.jpg
n/weapon752.jpg
n/weapon1252.jpg
n/weapon1251.jpg
n/weapon1250.jpg
n/weapon1249.jpg
n/weapon1248.jpg
n/weapon818.jpg
n/weapon817.jpg
n/weapon816.jpg
n/weapon815.jpg
n/weapon814.jpg
n/weapon813.jpg
n/weapon812.jpg
n/weapon811.jpg
n/weapon810.jpg
n/weapon808.jpg
n/weapon807.jpg
n/weapon806.jpg
n/weapon805.jpg
n/weapon804.jpg
n/weapon803.jpg
n/weapon802.jpg
n/weapon801.jpg
n/weapon800.jpg
n/weapon799.jpg
n/weapon797.jpg
n/weapon796.jpg
n/weapon795.jpg
n/weapon794.jpg
n/weapon793.jpg
n/weapon792.jpg
n/weapon791.jpg
n/weapon790.jpg
n/weapon789.jpg
n/weapon788.jpg
n/weapon786.jpg
n/weapon785.jpg
n/weapon784.jpg
n/weapon783.jpg
n/weapon782.jpg
n/weapon781.jpg
n/weapon780.jpg
n/weapon779.jpg
n/weapon778.jpg
n/weapon777.jpg
n/weapon775.jpg
n/weapon774.jpg
n/weapon773.jpg
n/weapon772.jpg
n/weapon771.jpg
n/weapon770.jpg
n/weapon769.jpg
n/weapon768.jpg
n/weapon558.jpg
n/weapon546.jpg
n/weapon534.jpg
n/weapon520.jpg
n/weapon508.jpg
n/weapon496.jpg
n/weapon483.jpg
n/weapon767.jpg
n/weapon766.jpg
n/weapon565.jpg
n/weapon602.jpg
n/weapon600.jpg
n/weapon599.jpg
n/weapon598.jpg
n/weapon597.jpg
n/weapon595.jpg
n/weapon594.jpg
n/weapon764.jpg
n/weapon763.jpg
n/weapon762.jpg
n/weapon761.jpg
n/weapon760.jpg
n/weapon759.jpg
n/weapon758.jpg
n/weapon757.jpg
n/weapon756.jpg
n/weapon755.jpg
n/weapon751.jpg
n/weapon750.jpg
n/weapon749.jpg
n/weapon748.jpg
n/weapon747.jpg
n/weapon746.jpg
n/weapon745.jpg
n/weapon744.jpg
n/weapon743.jpg
n/weapon742.jpg
n/weapon740.jpg
n/weapon739.jpg
n/weapon738.jpg
n/weapon737.jpg
n/weapon736.jpg
n/weapon735.jpg
n/weapon734.jpg
n/weapon733.jpg
n/weapon732.jpg
n/weapon731.jpg
n/weapon729.jpg
n/weapon728.jpg
n/weapon727.jpg
n/weapon726.jpg
n/weapon725.jpg
n/weapon724.jpg
n/weapon723.jpg
n/weapon722.jpg
n/weapon721.jpg
n/weapon720.jpg
n/weapon718.jpg
n/weapon717.jpg
n/weapon716.jpg
n/weapon715.jpg
n/weapon714.jpg
n/weapon713.jpg
n/weapon712.jpg
n/weapon711.jpg
n/weapon710.jpg
n/weapon709.jpg
n/weapon707.jpg
n/weapon706.jpg
n/weapon705.jpg
n/weapon704.jpg
n/weapon703.jpg
n/weapon702.jpg
n/weapon701.jpg
n/weapon700.jpg
n/weapon699.jpg
n/weapon698.jpg
n/weapon696.jpg
n/weapon695.jpg
n/weapon694.jpg
n/weapon693.jpg
n/weapon692.jpg
n/weapon691.jpg
n/weapon690.jpg
n/weapon689.jpg
n/weapon688.jpg
n/weapon687.jpg
n/weapon685.jpg
n/weapon684.jpg
n/weapon683.jpg
n/weapon528.jpg
n/weapon681.jpg
n/weapon680.jpg
n/weapon679.jpg
n/weapon678.jpg
n/weapon677.jpg
n/weapon676.jpg
n/weapon674.jpg
n/weapon673.jpg
n/weapon672.jpg
n/weapon671.jpg
n/weapon670.jpg
n/weapon0.jpg
n/weapon668.jpg
n/weapon482.jpg
n/weapon667.jpg
n/weapon593.jpg
n/weapon666.jpg
n/weapon665.jpg
n/weapon663.jpg
n/weapon864.jpg
n/weapon661.jpg
n/weapon660.jpg
n/weapon659.jpg
n/weapon481.jpg
n/weapon592.jpg
n/weapon1247.jpg
n/weapon1246.jpg
n/weapon1245.jpg
n/weapon1244.jpg
n/weapon1242.jpg
n/weapon1241.jpg
n/weapon1240.jpg
n/weapon1239.jpg
n/weapon1238.jpg
n/weapon1237.jpg
n/weapon1236.jpg
n/weapon1235.jpg
n/weapon1234.jpg
n/weapon1233.jpg
n/weapon1231.jpg
n/weapon1230.jpg
n/weapon1229.jpg
n/weapon1228.jpg
n/weapon1227.jpg
n/weapon1226.jpg
n/weapon1225.jpg
n/weapon1224.jpg
n/weapon1223.jpg
n/weapon1222.jpg
n/weapon1220.jpg
n/weapon1219.jpg
n/weapon1218.jpg
n/weapon1217.jpg
n/weapon1216.jpg
n/weapon1215.jpg
n/weapon1214.jpg
n/weapon1213.jpg
n/weapon1212.jpg
n/weapon1211.jpg
n/weapon1209.jpg
n/weapon1208.jpg
n/weapon1207.jpg
n/weapon1206.jpg
n/weapon1205.jpg
n/weapon1204.jpg
n/weapon1203.jpg
n/weapon1202.jpg
n/weapon1201.jpg
n/weapon1200.jpg
n/weapon1197.jpg
n/weapon1196.jpg
n/weapon1195.jpg
n/weapon1194.jpg
n/weapon1193.jpg
n/weapon1192.jpg
n/weapon1191.jpg
n/weapon1190.jpg
n/weapon1189.jpg
n/weapon1188.jpg
n/weapon1186.jpg
n/weapon1185.jpg
n/weapon1184.jpg
n/weapon1183.jpg
n/weapon1182.jpg
n/weapon1181.jpg
n/weapon1180.jpg
n/weapon1179.jpg
n/weapon1178.jpg
n/weapon1177.jpg
n/weapon1175.jpg
n/weapon1174.jpg
n/weapon1173.jpg
n/weapon1172.jpg
n/weapon1171.jpg
n/weapon1170.jpg
n/weapon1169.jpg
n/weapon1168.jpg
n/weapon1167.jpg
n/weapon1166.jpg
n/weapon1164.jpg
n/weapon1163.jpg
n/weapon1162.jpg
n/weapon1161.jpg
n/weapon1160.jpg
n/weapon1159.jpg
n/weapon1158.jpg
n/weapon1157.jpg
n/weapon1156.jpg
n/weapon1155.jpg
n/weapon1153.jpg
n/weapon1152.jpg
n/weapon1151.jpg
n/weapon1150.jpg
n/weapon1149.jpg
n/weapon1148.jpg
n/weapon1147.jpg
n/weapon1146.jpg
n/weapon1145.jpg
n/weapon1144.jpg
n/weapon1142.jpg
n/weapon1141.jpg
n/weapon1140.jpg
n/weapon1139.jpg
n/weapon1138.jpg
n/weapon1137.jpg
n/weapon1136.jpg
n/weapon1135.jpg
n/weapon1134.jpg
n/weapon1133.jpg
n/weapon1131.jpg
n/weapon1130.jpg
n/weapon1129.jpg
n/weapon1128.jpg
n/weapon1127.jpg
n/weapon1126.jpg
n/weapon1125.jpg
n/weapon1124.jpg
n/weapon1123.jpg
n/weapon1122.jpg
n/weapon1120.jpg
n/weapon1119.jpg
n/weapon1118.jpg
n/weapon1117.jpg
n/weapon1116.jpg
n/weapon1115.jpg
n/weapon1114.jpg
n/weapon1113.jpg
n/weapon1112.jpg
n/weapon1111.jpg
n/weapon1109.jpg
n/weapon1108.jpg
n/weapon1107.jpg
n/weapon1106.jpg
n/weapon1105.jpg
n/weapon1104.jpg
n/weapon1103.jpg
n/weapon1102.jpg
n/weapon1101.jpg
n/weapon1100.jpg
n/weapon1098.jpg
n/weapon1097.jpg
n/weapon1096.jpg
n/weapon1095.jpg
n/weapon1094.jpg
n/weapon1093.jpg
n/weapon1092.jpg
n/weapon1091.jpg
n/weapon1090.jpg
n/weapon1089.jpg
n/weapon1086.jpg
n/weapon1085.jpg
n/weapon1084.jpg
n/weapon1083.jpg
n/weapon1082.jpg
n/weapon1081.jpg
n/weapon1080.jpg
n/weapon1079.jpg
n/weapon1078.jpg
n/weapon1077.jpg
n/weapon1075.jpg
n/weapon1074.jpg
n/weapon1073.jpg
n/weapon1072.jpg
n/weapon1071.jpg
n/weapon1070.jpg
n/weapon1069.jpg
n/weapon1068.jpg
n/weapon1067.jpg
n/weapon1066.jpg
n/weapon1064.jpg
n/weapon1063.jpg
n/weapon1062.jpg
n/weapon1061.jpg
n/weapon1060.jpg
n/weapon1059.jpg
n/weapon1058.jpg
n/weapon1057.jpg
n/weapon1056.jpg
n/weapon1055.jpg
n/weapon1053.jpg
n/weapon1052.jpg
n/weapon1051.jpg
n/weapon1050.jpg
n/weapon1049.jpg
n/weapon1048.jpg
n/weapon1047.jpg
n/weapon1046.jpg
n/weapon1045.jpg
n/weapon1044.jpg
n/weapon1042.jpg
n/weapon1041.jpg
n/weapon1040.jpg
n/weapon1039.jpg
n/weapon1038.jpg
n/weapon1037.jpg
n/weapon1036.jpg
n/weapon1035.jpg
n/weapon1034.jpg
n/weapon1033.jpg
n/weapon1031.jpg
n/weapon1030.jpg
n/weapon1029.jpg
n/weapon1028.jpg
n/weapon1054.jpg
n/weapon1043.jpg
n/weapon1032.jpg
n/weapon1021.jpg
n/weapon1010.jpg
n/weapon999.jpg
n/weapon988.jpg
n/weapon977.jpg
n/weapon965.jpg
n/weapon954.jpg
n/weapon943.jpg
n/weapon932.jpg
n/weapon921.jpg
n/weapon910.jpg
n/weapon899.jpg
n/weapon888.jpg
n/weapon877.jpg
n/weapon866.jpg
n/weapon853.jpg
n/weapon842.jpg
n/weapon80.jpg
n/weapon479.jpg
n/weapon478.jpg
n/weapon477.jpg
n/weapon476.jpg
n/weapon475.jpg
n/weapon474.jpg
n/weapon472.jpg
n/weapon471.jpg
n/weapon470.jpg
n/weapon469.jpg
n/weapon468.jpg
n/weapon467.jpg
n/weapon466.jpg
n/weapon465.jpg
n/weapon458.jpg
n/weapon447.jpg
n/weapon435.jpg
n/weapon424.jpg
n/weapon413.jpg
n/weapon402.jpg
n/weapon391.jpg
n/weapon380.jpg
n/weapon369.jpg
n/weapon358.jpg
n/weapon347.jpg
n/weapon336.jpg
n/weapon324.jpg
n/weapon313.jpg
n/weapon302.jpg
n/weapon291.jpg
n/weapon280.jpg
n/weapon269.jpg
n/weapon258.jpg
n/weapon247.jpg
n/weapon236.jpg
n/weapon225.jpg
n/weapon213.jpg
n/weapon202.jpg
n/weapon191.jpg
n/weapon180.jpg
n/weapon169.jpg
n/weapon158.jpg
n/weapon147.jpg
n/weapon136.jpg
n/weapon125.jpg
n/weapon114.jpg
n/weapon102.jpg
n/weapon91.jpg
n/weapon464.jpg
n/weapon463.jpg
n/weapon462.jpg
n/weapon461.jpg
n/weapon460.jpg
n/weapon459.jpg
n/weapon457.jpg
n/weapon456.jpg
n/weapon455.jpg
n/weapon454.jpg
n/weapon453.jpg
n/weapon452.jpg
n/weapon451.jpg
n/weapon450.jpg
n/weapon449.jpg
n/weapon448.jpg
n/weapon445.jpg
n/weapon444.jpg
n/weapon443.jpg
n/weapon442.jpg
n/weapon441.jpg
n/weapon440.jpg
n/weapon439.jpg
n/weapon438.jpg
n/weapon437.jpg
n/weapon436.jpg
n/weapon434.jpg
n/weapon433.jpg
n/weapon432.jpg
n/weapon431.jpg
n/weapon430.jpg
n/weapon429.jpg
n/weapon428.jpg
n/weapon427.jpg
n/weapon426.jpg
n/weapon425.jpg
n/weapon423.jpg
n/weapon422.jpg
n/weapon421.jpg
n/weapon420.jpg
n/weapon419.jpg
n/weapon418.jpg
n/weapon417.jpg
n/weapon416.jpg
n/weapon415.jpg
n/weapon414.jpg
n/weapon412.jpg
n/weapon411.jpg
n/weapon410.jpg
n/weapon409.jpg
n/weapon408.jpg
n/weapon407.jpg
n/weapon406.jpg
n/weapon405.jpg
n/weapon404.jpg
n/weapon403.jpg
n/weapon401.jpg
n/weapon400.jpg
n/weapon399.jpg
n/weapon398.jpg
n/weapon397.jpg
n/weapon396.jpg
n/weapon395.jpg
n/weapon394.jpg
n/weapon393.jpg
n/weapon392.jpg
n/weapon390.jpg
n/weapon389.jpg
n/weapon388.jpg
n/weapon387.jpg
n/weapon386.jpg
n/weapon385.jpg
n/weapon384.jpg
n/weapon383.jpg
n/weapon382.jpg
n/weapon381.jpg
n/weapon379.jpg
n/weapon378.jpg
n/weapon377.jpg
n/weapon376.jpg
n/weapon375.jpg
n/weapon374.jpg
n/weapon373.jpg
n/weapon372.jpg
n/weapon371.jpg
n/weapon370.jpg
n/weapon368.jpg
n/weapon367.jpg
n/weapon366.jpg
n/weapon365.jpg
n/weapon364.jpg
n/weapon363.jpg
n/weapon362.jpg
n/weapon361.jpg
n/weapon360.jpg
n/weapon359.jpg
n/weapon357.jpg
n/weapon356.jpg
n/weapon355.jpg
n/weapon354.jpg
n/weapon353.jpg
n/weapon352.jpg
n/weapon351.jpg
n/weapon350.jpg
n/weapon349.jpg
n/weapon348.jpg
n/weapon346.jpg
n/weapon345.jpg
n/weapon344.jpg
n/weapon343.jpg
n/weapon342.jpg
n/weapon564.jpg
n/weapon562.jpg
n/weapon561.jpg
n/weapon560.jpg
n/weapon559.jpg
n/weapon557.jpg
n/weapon556.jpg
n/weapon555.jpg
n/weapon554.jpg
n/weapon553.jpg
n/weapon551.jpg
n/weapon550.jpg
n/weapon549.jpg
n/weapon548.jpg
n/weapon547.jpg
n/weapon545.jpg
n/weapon544.jpg
n/weapon543.jpg
n/weapon542.jpg
n/weapon540.jpg
n/weapon539.jpg
n/weapon538.jpg
n/weapon537.jpg
n/weapon536.jpg
n/weapon535.jpg
n/weapon533.jpg
n/weapon532.jpg
n/weapon531.jpg
n/weapon527.jpg
n/weapon526.jpg
n/weapon525.jpg
n/weapon524.jpg
n/weapon523.jpg
n/weapon522.jpg
n/weapon521.jpg
n/weapon519.jpg
n/weapon518.jpg
n/weapon516.jpg
n/weapon515.jpg
n/weapon514.jpg
n/weapon513.jpg
n/weapon512.jpg
n/weapon511.jpg
n/weapon510.jpg
n/weapon509.jpg
n/weapon507.jpg
n/weapon505.jpg
n/weapon504.jpg
n/weapon503.jpg
n/weapon502.jpg
n/weapon501.jpg
n/weapon500.jpg
n/weapon499.jpg
n/weapon498.jpg
n/weapon497.jpg
n/weapon494.jpg
n/weapon493.jpg
n/weapon492.jpg
n/weapon491.jpg
n/weapon490.jpg
n/weapon489.jpg
n/weapon488.jpg
n/weapon487.jpg
n/weapon486.jpg
n/weapon485.jpg
n/weapon341.jpg
n/weapon340.jpg
n/weapon339.jpg
n/weapon338.jpg
n/weapon337.jpg
n/weapon334.jpg
n/weapon333.jpg
n/weapon332.jpg
n/weapon331.jpg
n/weapon330.jpg
n/weapon329.jpg
n/weapon328.jpg
n/weapon327.jpg
n/weapon326.jpg
n/weapon325.jpg
n/weapon323.jpg
n/weapon322.jpg
n/weapon321.jpg
n/weapon320.jpg
n/weapon319.jpg
n/weapon318.jpg
n/weapon317.jpg
n/weapon316.jpg
n/weapon315.jpg
n/weapon314.jpg
n/weapon312.jpg
n/weapon311.jpg
n/weapon310.jpg
n/weapon309.jpg
n/weapon308.jpg
n/weapon307.jpg
n/weapon306.jpg
n/weapon305.jpg
n/weapon304.jpg
n/weapon303.jpg
n/weapon301.jpg
n/weapon300.jpg
n/weapon299.jpg
n/weapon298.jpg
n/weapon297.jpg
n/weapon296.jpg
n/weapon295.jpg
n/weapon294.jpg
n/weapon293.jpg
n/weapon292.jpg
n/weapon290.jpg
n/weapon289.jpg
n/weapon288.jpg
n/weapon287.jpg
n/weapon286.jpg
n/weapon285.jpg
n/weapon284.jpg
n/weapon283.jpg
n/weapon282.jpg
n/weapon281.jpg
n/weapon279.jpg
n/weapon278.jpg
n/weapon277.jpg
n/weapon276.jpg
n/weapon275.jpg
n/weapon274.jpg
n/weapon273.jpg
n/weapon272.jpg
n/weapon271.jpg
n/weapon270.jpg
n/weapon268.jpg
n/weapon267.jpg
n/weapon266.jpg
n/weapon265.jpg
n/weapon264.jpg
n/weapon263.jpg
n/weapon262.jpg
n/weapon261.jpg
n/weapon260.jpg
n/weapon259.jpg
n/weapon257.jpg
n/weapon256.jpg
n/weapon255.jpg
n/weapon254.jpg
n/weapon253.jpg
n/weapon252.jpg
n/weapon251.jpg
n/weapon250.jpg
n/weapon249.jpg
n/weapon248.jpg
n/weapon246.jpg
n/weapon1154.jpg
n/weapon1143.jpg
n/weapon1132.jpg
n/weapon1121.jpg
n/weapon1110.jpg
n/weapon1099.jpg
n/weapon1088.jpg
n/weapon1076.jpg
n/weapon1065.jpg
n/weapon591.jpg
n/weapon590.jpg
n/weapon588.jpg
n/weapon587.jpg
n/weapon586.jpg
n/weapon584.jpg
n/weapon583.jpg
n/weapon582.jpg
n/weapon581.jpg
n/weapon580.jpg
n/weapon579.jpg
n/weapon578.jpg
n/weapon576.jpg
n/weapon575.jpg
n/weapon573.jpg
n/weapon572.jpg
n/weapon571.jpg
n/weapon570.jpg
n/weapon569.jpg
n/weapon568.jpg
n/weapon567.jpg
n/weapon566.jpg
n/weapon608.jpg
n/weapon606.jpg
n/weapon605.jpg
n/weapon604.jpg
n/weapon603.jpg
n/weapon601.jpg
n/weapon589.jpg
n/weapon577.jpg
n/weapon609.jpg
n/weapon648.jpg
n/weapon646.jpg
n/weapon645.jpg
n/weapon644.jpg
n/weapon643.jpg
n/weapon639.jpg
n/weapon638.jpg
n/weapon637.jpg
n/weapon636.jpg
n/weapon635.jpg
n/weapon634.jpg
n/weapon632.jpg
n/weapon631.jpg
n/weapon630.jpg
n/weapon628.jpg
n/weapon627.jpg
n/weapon626.jpg
n/weapon625.jpg
n/weapon624.jpg
n/weapon623.jpg
n/weapon622.jpg
n/weapon620.jpg
n/weapon619.jpg
n/weapon617.jpg
n/weapon616.jpg
n/weapon615.jpg
n/weapon614.jpg
n/weapon613.jpg
n/weapon612.jpg
n/weapon611.jpg
n/weapon610.jpg
n/weapon654.jpg
n/weapon652.jpg
n/weapon651.jpg
n/weapon650.jpg
n/weapon649.jpg
n/weapon647.jpg
n/weapon633.jpg
n/weapon621.jpg
n/weapon655.jpg
n/weapon820.jpg
n/weapon809.jpg
n/weapon798.jpg
n/weapon787.jpg
n/weapon776.jpg
n/weapon765.jpg
n/weapon754.jpg
n/weapon741.jpg
n/weapon730.jpg
n/weapon719.jpg
n/weapon708.jpg
n/weapon697.jpg
n/weapon686.jpg
n/weapon675.jpg
n/weapon664.jpg
n/weapon653.jpg
n/weapon642.jpg
n/weapon629.jpg
n/weapon618.jpg
n/weapon607.jpg
n/weapon596.jpg
n/weapon585.jpg
n/weapon574.jpg
n/weapon563.jpg
n/weapon552.jpg
n/weapon541.jpg
n/weapon530.jpg
n/weapon517.jpg
n/weapon506.jpg
n/weapon495.jpg
n/weapon484.jpg
n/weapon473.jpg
n/weapon446.jpg
n/weapon335.jpg
n/weapon224.jpg
n/weapon113.jpg
n/weapon2.jpg
n/weapon1309.jpg
n/weapon658.jpg
n/weapon657.jpg
n/weapon656.jpg
n/weapon1198.jpg
n/weapon1087.jpg
n/weapon976.jpg
n/weapon865.jpg
n/weapon753.jpg
n/weapon641.jpg
n/weapon529.jpg
n/weapon1.jpg
n/weapon831.jpg
n/weapon69.jpg
n/weapon58.jpg
n/weapon47.jpg
n/weapon36.jpg
n/weapon25.jpg
n/weapon14.jpg
n/weapon3.jpg
n/weapon1409.jpg
n/weapon1398.jpg
n/weapon1387.jpg
n/weapon1376.jpg
n/weapon1365.jpg
n/weapon1354.jpg
n/weapon1343.jpg
n/weapon1332.jpg
n/weapon1321.jpg
n/weapon1310.jpg
n/weapon1298.jpg
n/weapon1287.jpg
n/weapon1276.jpg
n/weapon1265.jpg
n/weapon1254.jpg
n/weapon1243.jpg
n/weapon1232.jpg
n/weapon1221.jpg
n/weapon1210.jpg
n/weapon1199.jpg
n/weapon1187.jpg
n/weapon1176.jpg
n/weapon1165.jpg